make[1]: 警告: 副次 make で -jN を強制指定しました: jobserver モードを無効にします.
make[1]: ディレクトリ '/home/guicho/repos/presentations/2017-2-24-NEC' に入ります
make -C img
make[2]: ディレクトリ '/home/guicho/repos/presentations/2017-2-24-NEC/img' に入ります
make -C css
make[2]: ディレクトリ '/home/guicho/repos/presentations/2017-2-24-NEC/css' に入ります
sass --update .
make[2]: 'all' に対して行うべき事はありません.
make[2]: ディレクトリ '/home/guicho/repos/presentations/2017-2-24-NEC/img' から出ます
make -C scripts
make[2]: ディレクトリ '/home/guicho/repos/presentations/2017-2-24-NEC/scripts' に入ります
make[2]: 'all' に対して行うべき事はありません.
make[2]: ディレクトリ '/home/guicho/repos/presentations/2017-2-24-NEC/scripts' から出ます
scripts/org-html.sh presen.org presen.org.html
Loading /home/guicho/repos/presentations/2017-2-24-NEC/scripts/compile-org-html.el (source)...
make[2]: ディレクトリ '/home/guicho/repos/presentations/2017-2-24-NEC/css' から出ます
Saving file /home/guicho/repos/presentations/2017-2-24-NEC/presen.org.html...
Wrote /home/guicho/repos/presentations/2017-2-24-NEC/presen.org.html
cp -f presen.org.html index.html
make[1]: ディレクトリ '/home/guicho/repos/presentations/2017-2-24-NEC' から出ます
